[2026-02-10 12:42:44] QC Score: 95 | Status: PASS | Issues: 
[2026-02-10 12:52:04] Post Recorded: Viral video shows Pakistan cricket team at ‘cement factory-like facility’ in Colombo (Style: MINIMAL)
[2026-02-10 12:52:04] Learning Updated. Best Style: MINIMAL | Top Player: Kohli
[2026-02-10 12:52:05] Learning Updated. Best Style: MINIMAL | Top Player: Kohli
[2026-02-10 13:00:42] QC Score: 95 | Status: PASS | Issues: 
[2026-02-10 13:01:08] Post Recorded: Pakistan's U-turn on T20 World Cup India match Live Updates: BCCI issues response after PAK's U-turn | Cricket (Style: Standard)
[2026-02-10 13:01:08] Learning Updated. Best Style: MINIMAL | Top Player: Kohli
[2026-02-10 13:01:08] Learning Updated. Best Style: MINIMAL | Top Player: Kohli
[2026-02-10 13:14:54] QC Score: 95 | Status: PASS | Issues: 
[2026-02-10 13:15:22] Post Recorded: PAKISTAN U-TURN SPARKS BCCI FURY (Style: Standard)
[2026-02-10 13:15:22] Learning Updated. Best Style: Standard | Top Player: Kohli
[2026-02-10 13:15:22] Learning Updated. Best Style: Standard | Top Player: Kohli
[2026-02-10 13:54:26] QC Score: 95 | Status: PASS | Issues: 
[2026-02-10 13:54:53] Post Recorded: PAKISTAN'S CRICKET FLIP-FLOP ENRAGES INDIA (Style: Standard)
[2026-02-10 13:54:53] Learning Updated. Best Style: Standard | Top Player: Kohli
[2026-02-10 13:54:53] Learning Updated. Best Style: Standard | Top Player: Kohli
[2026-02-10 13:59:03] QC Score: 95 | Status: PASS | Issues: 
[2026-02-10 13:59:32] Post Recorded: PAKISTAN'S INDIA MATCH U-TURN: PM TO DECIDE! (Style: Standard)
[2026-02-10 13:59:32] Learning Updated. Best Style: Standard | Top Player: Kohli
[2026-02-10 13:59:32] Learning Updated. Best Style: Standard | Top Player: Kohli
[2026-02-10 14:16:19] QC Score: 95 | Status: PASS | Issues: 
[2026-02-10 14:16:48] Post Recorded: BANGLADESH CRICKET BOSS IN PAKISTAN FOR INDIA BOYCOTT TALKS (Style: Standard)
[2026-02-10 14:16:48] Learning Updated. Best Style: Standard | Top Player: Kohli
[2026-02-10 14:16:48] Learning Updated. Best Style: Standard | Top Player: Kohli
[2026-02-10 14:23:45] QC Score: 95 | Status: PASS | Issues: 
[2026-02-10 14:38:22] Post Recorded: BANGLADESH CRICKET BOSS IN PAKISTAN FOR INDIA BOYCOTT TALKS (Style: Standard)
[2026-02-10 14:38:22] Learning Updated. Best Style: Standard | Top Player: Kohli
[2026-02-10 14:38:22] Learning Updated. Best Style: Standard | Top Player: Kohli
[2026-02-10 15:11:33] Post Recorded: PAKISTAN BACKS DOWN, WILL PLAY INDIA! (Style: Standard)
[2026-02-10 15:11:33] Learning Updated. Best Style: Standard | Top Player: Kohli
[2026-02-10 15:11:33] Learning Updated. Best Style: Standard | Top Player: Kohli
[2026-02-10 15:15:21] Post Recorded: PAKISTAN U-TURNS! WILL PLAY INDIA IN T20 WORLD CUP (Style: Standard)
[2026-02-10 15:15:21] Learning Updated. Best Style: Standard | Top Player: Kohli
[2026-02-10 15:15:21] Learning Updated. Best Style: Standard | Top Player: Kohli
[2026-02-10 15:21:31] Post Recorded: UAE TO BAT; KIWIS STICK WITH WINNING TEAM (Style: Standard)
[2026-02-10 15:21:31] Learning Updated. Best Style: Standard | Top Player: Kohli
[2026-02-10 15:21:31] Learning Updated. Best Style: Standard | Top Player: Kohli
[2026-02-10 23:40:23] Post Recorded: POWER HITTING KEY: PITCH WILL DECIDE IT! (Style: Standard)
[2026-02-10 23:40:23] Learning Updated. Best Style: Standard | Top Player: Kohli
[2026-02-10 23:40:24] Learning Updated. Best Style: Standard | Top Player: Kohli
[2026-02-11 00:51:25] Learning Updated. Best Style: Standard | Top Player: Kohli
[2026-02-11 02:43:31] Learning Updated. Best Style: Standard | Top Player: Kohli
[2026-02-11 02:48:26] Learning Updated. Best Style: Standard | Top Player: Kohli
[2026-02-11 02:58:23] Learning Updated. Best Style: Standard | Top Player: Kohli
[2026-02-11 03:03:10] Learning Updated. Best Style: Standard | Top Player: Kohli
[2026-02-11 03:06:11] Learning Updated. Best Style: Standard | Top Player: Kohli
[2026-02-11 03:10:31] Learning Updated. Best Style: Standard | Top Player: Kohli
[2026-02-11 04:11:25] Learning Updated. Best Style: Standard | Top Player: Kohli
[2026-02-11 12:16:06] Learning Updated. Best Style: Standard | Top Player: Kohli
[2026-02-11 13:39:42] Learning Updated. Best Style: Standard | Top Player: Kohli
[2026-02-11 13:56:14] Learning Updated. Best Style: Standard | Top Player: Kohli
[2026-02-11 14:10:00] Learning Updated. Best Style: Standard | Top Player: Kohli
[2026-02-11 14:54:16] Learning Updated. Best Style: Standard | Top Player: Kohli
[2026-02-11 15:00:36] Learning Updated. Best Style: Standard | Top Player: Kohli
