[2026-02-10 12:40:27] INFO: [SYSTEM] SYSTEM ONLINE. Interval: 2 Hours.
[2026-02-10 12:40:27] INFO: [SYSTEM] 🚀 CYCLE START: 12:40:27
[2026-02-10 12:40:27] INFO: [PIPELINE] Step 1: Hunting News...
[2026-02-10 12:40:43] INFO: [PIPELINE] Step 2: Developing Strategy...
[2026-02-10 12:40:52] INFO: [PIPELINE] Step 3: Hunting Visuals...
[2026-02-10 12:41:07] INFO: [PIPELINE] Step 3.5: Processing Context & Cutout...
[2026-02-10 12:42:44] INFO: [PIPELINE] Step 4: Upscaling Assets...
[2026-02-10 12:42:44] INFO: [PIPELINE] Step 5: Design & QC Loop...
[2026-02-10 12:42:44] INFO: [ARTIST] Generating Design (Attempt 1, Mode: auto)...
[2026-02-10 12:42:44] INFO: [QC] Checking Quality...
[2026-02-10 12:42:44] INFO: [QC] ✅ PASSED. Proceeding...
[2026-02-10 12:42:44] INFO: [PIPELINE] Step 6: Writing Caption...
[2026-02-10 12:42:45] [CRITIC] Generating Social Caption...
[2026-02-10 12:42:53] [CRITIC] Caption Saved Successfully.
[2026-02-10 12:42:55] INFO: [PIPELINE] Step 7: Publishing...
[2026-02-10 12:42:56] INFO: [PIPELINE] Step 8: Learning...
[2026-02-10 12:42:56] INFO: [SYSTEM] ✨ CYCLE COMPLETE in 148s.
[2026-02-10 12:45:14] INFO: [SYSTEM] User stopped the system.
[2026-02-10 12:47:58] INFO: [SYSTEM] SYSTEM ONLINE. Interval: 2 Hours.
[2026-02-10 12:47:58] INFO: [SYSTEM] 🚀 CYCLE START: 12:47:58
[2026-02-10 12:47:58] INFO: [PIPELINE] Step 1: Hunting News...
[2026-02-10 12:48:15] INFO: [PIPELINE] Step 2: Developing Strategy...
[2026-02-10 12:48:26] INFO: [PIPELINE] Step 3: Hunting Visuals...
[2026-02-10 12:48:36] INFO: [PIPELINE] Step 3.5: Processing Context & Cutout...
[2026-02-10 12:48:38] INFO: [PIPELINE] Step 4: Upscaling Assets...
[2026-02-10 12:48:38] INFO: [PIPELINE] Step 5: Design & QC Loop...
[2026-02-10 12:48:38] INFO: [ARTIST] Generating Design (Attempt 1, Mode: auto)...
[2026-02-10 12:48:39] INFO: [QC] Checking Quality...
[2026-02-10 12:48:39] INFO: [QC] ⚠️ FAILED/RETRY. Adjusting strategy...
[2026-02-10 12:48:39] INFO: [ARTIST] Generating Design (Attempt 2, Mode: safe)...
[2026-02-10 12:48:39] INFO: [QC] Checking Quality...
[2026-02-10 12:48:39] INFO: [QC] ⚠️ FAILED/RETRY. Adjusting strategy...
[2026-02-10 12:48:39] INFO: [SYSTEM] Cycle ended with errors. Retrying next schedule.
[2026-02-10 12:50:05] INFO: [SYSTEM] User stopped the system.
[2026-02-10 12:50:56] INFO: [SYSTEM] SYSTEM ONLINE. Interval: 2 Hours.
[2026-02-10 12:50:56] INFO: [SYSTEM] 🚀 CYCLE START: 12:50:56
[2026-02-10 12:50:56] INFO: [PIPELINE] Step 1: Hunting News...
[2026-02-10 12:51:11] INFO: [PIPELINE] Step 2: Developing Strategy...
[2026-02-10 12:51:22] INFO: [PIPELINE] Step 3: Hunting Visuals...
[2026-02-10 12:51:31] INFO: [PIPELINE] Step 3.5: Processing Context & Cutout...
[2026-02-10 12:51:35] INFO: [PIPELINE] Step 4: Upscaling Assets...
[2026-02-10 12:51:36] INFO: [PIPELINE] Step 5: Design & QC Loop...
[2026-02-10 12:51:36] INFO: [ARTIST] Generating Design (Attempt 1, Mode: auto)...
[2026-02-10 12:51:36] INFO: [QC] Checking Quality...
[2026-02-10 12:51:36] INFO: [QC] ✅ PASSED. Proceeding...
[2026-02-10 12:51:36] INFO: [PIPELINE] Step 6: Writing Caption...
[2026-02-10 12:51:37] [CRITIC] Generating Social Caption...
[2026-02-10 12:51:46] [CRITIC] Caption Saved Successfully.
[2026-02-10 12:51:48] INFO: [PIPELINE] Step 7: Publishing...
[2026-02-10 12:52:05] INFO: [PIPELINE] Step 8: Learning...
[2026-02-10 12:52:05] INFO: [SYSTEM] ✨ CYCLE COMPLETE in 68s.
[2026-02-10 12:54:05] INFO: [SYSTEM] User stopped the system.
[2026-02-10 13:00:02] INFO: [SYSTEM] SYSTEM ONLINE. Interval: 2 Hours.
[2026-02-10 13:00:02] INFO: [SYSTEM] 🚀 CYCLE START: 13:00:02
[2026-02-10 13:00:02] INFO: [PIPELINE] Step 1: Hunting News...
[2026-02-10 13:00:17] INFO: [PIPELINE] Step 2: Developing Strategy...
[2026-02-10 13:00:29] INFO: [PIPELINE] Step 3: Hunting Visuals...
[2026-02-10 13:00:38] INFO: [PIPELINE] Step 3.5: Processing Context & Cutout...
[2026-02-10 13:00:41] INFO: [PIPELINE] Step 4: Upscaling Assets...
[2026-02-10 13:00:42] INFO: [PIPELINE] Step 5: Design & QC Loop...
[2026-02-10 13:00:42] INFO: [ARTIST] Generating Design (Attempt 1, Mode: auto)...
[2026-02-10 13:00:42] INFO: [QC] Checking Quality...
[2026-02-10 13:00:42] INFO: [QC] ✅ PASSED. Proceeding...
[2026-02-10 13:00:42] INFO: [PIPELINE] Step 6: Writing Caption...
[2026-02-10 13:00:43] [CRITIC] Generating Social Caption...
[2026-02-10 13:00:48] [CRITIC] Caption Saved Successfully.
[2026-02-10 13:00:51] INFO: [PIPELINE] Step 7: Publishing...
[2026-02-10 13:01:08] INFO: [PIPELINE] Step 8: Learning...
[2026-02-10 13:01:08] INFO: [SYSTEM] ✨ CYCLE COMPLETE in 65s.
[2026-02-10 13:02:20] INFO: [SYSTEM] User stopped the system.
[2026-02-10 13:14:09] INFO: [SYSTEM] SYSTEM ONLINE. Interval: 2 Hours.
[2026-02-10 13:14:09] INFO: [SYSTEM] 🚀 CYCLE START: 13:14:09
[2026-02-10 13:14:09] INFO: [PIPELINE] Step 1: Hunting News...
[2026-02-10 13:14:20] INFO: [PIPELINE] Step 2: Developing Strategy...
[2026-02-10 13:14:30] INFO: [PIPELINE] Step 3: Hunting Visuals...
[2026-02-10 13:14:39] INFO: [PIPELINE] Step 3.5: Processing Context & Cutout...
[2026-02-10 13:14:49] INFO: [PIPELINE] Step 4: Upscaling Assets...
[2026-02-10 13:14:54] INFO: [PIPELINE] Step 5: Design & QC Loop...
[2026-02-10 13:14:54] INFO: [ARTIST] Generating Design (Attempt 1, Mode: auto)...
[2026-02-10 13:14:54] INFO: [QC] Checking Quality...
[2026-02-10 13:14:55] INFO: [QC] ✅ PASSED. Proceeding...
[2026-02-10 13:14:55] INFO: [PIPELINE] Step 6: Writing Caption...
[2026-02-10 13:14:55] [CRITIC] Generating Social Caption...
[2026-02-10 13:15:03] [CRITIC] Caption Saved Successfully.
[2026-02-10 13:15:05] INFO: [PIPELINE] Step 7: Publishing...
[2026-02-10 13:15:22] INFO: [PIPELINE] Step 8: Learning...
[2026-02-10 13:15:22] INFO: [SYSTEM] ✨ CYCLE COMPLETE in 72s.
[2026-02-10 13:22:47] INFO: [SYSTEM] User stopped the system.
[2026-02-10 13:53:47] INFO: [SYSTEM] SYSTEM ONLINE. Interval: 2 Hours.
[2026-02-10 13:53:47] INFO: [SYSTEM] 🚀 CYCLE START: 13:53:47
[2026-02-10 13:53:47] INFO: [PIPELINE] Step 1: Hunting News...
[2026-02-10 13:53:57] INFO: [PIPELINE] Step 2: Developing Strategy...
[2026-02-10 13:54:08] INFO: [PIPELINE] Step 3: Google Enterprise Search...
[2026-02-10 13:54:14] INFO: [PIPELINE] Step 3.5: Processing Context & Cutout...
[2026-02-10 13:54:20] INFO: [PIPELINE] Step 4: Vertex AI Upscaling...
[2026-02-10 13:54:25] INFO: [PIPELINE] Step 5: Design & QC Loop...
[2026-02-10 13:54:25] INFO: [ARTIST] Generating Design (Attempt 1, Mode: auto)...
[2026-02-10 13:54:26] INFO: [QC] Checking Quality...
[2026-02-10 13:54:26] INFO: [QC] ✅ PASSED. Proceeding...
[2026-02-10 13:54:26] INFO: [PIPELINE] Step 6: Writing Caption...
[2026-02-10 13:54:27] [CRITIC] Generating Social Caption...
[2026-02-10 13:54:35] [CRITIC] Caption Saved Successfully.
[2026-02-10 13:54:37] INFO: [PIPELINE] Step 7: Publishing...
[2026-02-10 13:54:53] INFO: [PIPELINE] Step 8: Learning...
[2026-02-10 13:54:53] INFO: [SYSTEM] ✨ CYCLE COMPLETE in 66s.
[2026-02-10 13:57:09] INFO: [SYSTEM] User stopped the system.
[2026-02-10 13:58:29] INFO: [SYSTEM] SYSTEM ONLINE. Interval: 2 Hours.
[2026-02-10 13:58:29] INFO: [SYSTEM] 🚀 CYCLE START: 13:58:29
[2026-02-10 13:58:29] INFO: [PIPELINE] Step 1: Hunting News...
[2026-02-10 13:58:36] INFO: [PIPELINE] Step 2: Developing Strategy...
[2026-02-10 13:58:45] INFO: [PIPELINE] Step 3: Google Enterprise Search...
[2026-02-10 13:58:51] INFO: [PIPELINE] Step 3.5: Processing Context & Cutout...
[2026-02-10 13:58:56] INFO: [PIPELINE] Step 4: Vertex AI Upscaling...
[2026-02-10 13:59:02] INFO: [PIPELINE] Step 5: Design & QC Loop...
[2026-02-10 13:59:02] INFO: [ARTIST] Generating Design (Attempt 1, Mode: auto)...
[2026-02-10 13:59:02] INFO: [QC] Checking Quality...
[2026-02-10 13:59:03] INFO: [QC] ✅ PASSED. Proceeding...
[2026-02-10 13:59:03] INFO: [PIPELINE] Step 6: Writing Caption...
[2026-02-10 13:59:04] [CRITIC] Generating Social Caption...
[2026-02-10 13:59:12] [CRITIC] Caption Saved Successfully.
[2026-02-10 13:59:14] INFO: [PIPELINE] Step 7: Publishing...
[2026-02-10 13:59:32] INFO: [PIPELINE] Step 8: Learning...
[2026-02-10 13:59:32] INFO: [SYSTEM] ✨ CYCLE COMPLETE in 62s.
[2026-02-10 14:14:15] INFO: [SYSTEM] User stopped the system.
[2026-02-10 14:15:45] INFO: [SYSTEM] SYSTEM ONLINE. Interval: 2 Hours.
[2026-02-10 14:15:45] INFO: [SYSTEM] 🚀 CYCLE START: 14:15:45
[2026-02-10 14:15:45] INFO: [PIPELINE] Step 1: Hunting News...
[2026-02-10 14:15:51] INFO: [PIPELINE] Step 2: Developing Strategy...
[2026-02-10 14:16:03] INFO: [PIPELINE] Step 3: Google Enterprise Search...
[2026-02-10 14:16:08] INFO: [PIPELINE] Step 3.5: Processing Context & Cutout...
[2026-02-10 14:16:13] INFO: [PIPELINE] Step 4: Vertex AI Upscaling...
[2026-02-10 14:16:19] INFO: [PIPELINE] Step 5: Design & QC Loop...
[2026-02-10 14:16:19] INFO: [ARTIST] Generating Design (Attempt 1, Mode: auto)...
[2026-02-10 14:16:19] INFO: [QC] Checking Quality...
[2026-02-10 14:16:20] INFO: [QC] ✅ PASSED. Proceeding...
[2026-02-10 14:16:20] INFO: [PIPELINE] Step 6: Writing Caption...
[2026-02-10 14:16:20] [CRITIC] Generating Social Caption...
[2026-02-10 14:16:29] [CRITIC] Caption Saved Successfully.
[2026-02-10 14:16:31] INFO: [PIPELINE] Step 7: Publishing...
[2026-02-10 14:16:48] INFO: [PIPELINE] Step 8: Learning...
[2026-02-10 14:16:48] INFO: [SYSTEM] ✨ CYCLE COMPLETE in 62s.
[2026-02-10 14:18:12] INFO: [SYSTEM] User stopped the system.
[2026-02-10 14:20:04] INFO: [SYSTEM] SYSTEM ONLINE. Interval: 2 Hours.
[2026-02-10 14:20:04] INFO: [SYSTEM] 🚀 CYCLE START: 14:20:04
[2026-02-10 14:20:04] INFO: [PIPELINE] Step 1: Hunting News...
[2026-02-10 14:20:25] INFO: [PIPELINE] Step 2: Developing Strategy...
[2026-02-10 14:23:38] INFO: [PIPELINE] Step 3: Google Enterprise Search...
[2026-02-10 14:23:38] INFO: [PIPELINE] Step 3.5: Processing Context & Cutout...
[2026-02-10 14:23:43] INFO: [PIPELINE] Step 4: Vertex AI Upscaling...
[2026-02-10 14:23:44] INFO: [PIPELINE] Step 5: Design & QC Loop...
[2026-02-10 14:23:44] INFO: [ARTIST] Generating Design (Attempt 1, Mode: auto)...
[2026-02-10 14:23:45] INFO: [QC] Checking Quality...
[2026-02-10 14:23:45] INFO: [QC] ✅ PASSED. Proceeding...
[2026-02-10 14:23:45] INFO: [PIPELINE] Step 6: Writing Caption...
[2026-02-10 14:23:46] [CRITIC] Generating Social Caption...
[2026-02-10 14:23:54] [CRITIC] Caption Saved Successfully.
[2026-02-10 14:23:57] INFO: [PIPELINE] Step 7: Publishing...
[2026-02-10 14:29:46] INFO: [SYSTEM] Cycle ended with errors. Retrying next schedule.
[2026-02-10 14:29:49] INFO: [SYSTEM] User stopped the system.
[2026-02-10 14:30:54] INFO: [SYSTEM] 🚀 CYCLE START: 14:30:54
[2026-02-10 14:30:54] INFO: [PIPELINE] Step 1: Hunting News...
[2026-02-10 14:31:02] INFO: [PIPELINE] Step 2: Developing Strategy...
[2026-02-10 14:31:15] INFO: [PIPELINE] Step 3: Google Enterprise Search...
[2026-02-10 14:31:16] INFO: [PIPELINE] Step 3.5: Processing Context...
[2026-02-10 14:31:17] INFO: [PIPELINE] Step 4: Upscaling...
[2026-02-10 14:31:17] INFO: [PIPELINE] Step 5: Design...
[2026-02-10 14:31:18] INFO: [PIPELINE] Step 6: Captioning...
[2026-02-10 14:31:19] [CRITIC] Generating Social Caption...
[2026-02-10 14:31:29] [CRITIC] Caption Saved Successfully.
[2026-02-10 14:31:31] INFO: [PIPELINE] Step 7: Publishing...
[2026-02-10 14:37:27] INFO: [SYSTEM] 🚀 CYCLE START: 14:37:27
[2026-02-10 14:37:27] INFO: [PIPELINE] Step 1: Hunting News...
[2026-02-10 14:37:35] INFO: [PIPELINE] Step 2: Developing Strategy...
[2026-02-10 14:37:45] INFO: [PIPELINE] Step 3: Google Enterprise Search...
[2026-02-10 14:37:45] INFO: [PIPELINE] Step 3.5: Processing Context...
[2026-02-10 14:37:47] INFO: [PIPELINE] Step 4: Upscaling...
[2026-02-10 14:37:47] INFO: [PIPELINE] Step 5: Design...
[2026-02-10 14:37:48] INFO: [PIPELINE] Step 6: Captioning...
[2026-02-10 14:37:49] [CRITIC] Generating Social Caption...
[2026-02-10 14:37:58] [CRITIC] Caption Saved Successfully.
[2026-02-10 14:38:00] INFO: [PIPELINE] Step 7: Publishing...
[2026-02-10 14:38:22] INFO: [PIPELINE] Step 8: Learning...
[2026-02-10 14:38:22] INFO: [SYSTEM] ✨ CYCLE COMPLETE.
[2026-02-10 14:43:25] INFO: [SYSTEM] 🚀 CYCLE START: 14:43:25
[2026-02-10 14:43:25] INFO: [PIPELINE] Step 1: Hunting News...
[2026-02-10 14:43:33] INFO: [PIPELINE] Step 2: Developing Strategy...
[2026-02-10 14:43:44] INFO: [PIPELINE] Step 3: Google Enterprise Search...
[2026-02-10 14:50:53] INFO: [SYSTEM] 🚀 CYCLE START: 14:50:53
[2026-02-10 14:50:53] INFO: [PIPELINE] Step 1: Hunting News...
[2026-02-10 14:51:01] INFO: [PIPELINE] Step 2: Developing Strategy...
[2026-02-10 14:51:13] INFO: [PIPELINE] Step 3: Google Enterprise Search...
[2026-02-10 14:52:48] INFO: [SYSTEM] 🚀 CYCLE START: 14:52:48
[2026-02-10 14:52:48] INFO: [PIPELINE] Step 1: Hunting News...
[2026-02-10 14:52:55] INFO: [PIPELINE] Step 2: Developing Strategy...
[2026-02-10 14:53:04] INFO: [PIPELINE] Step 3: Google Enterprise Search...
[2026-02-10 15:04:29] INFO: [SYSTEM] 🚀 CYCLE START: 15:04:29
[2026-02-10 15:04:29] INFO: [PIPELINE] Step 1: Hunting News...
[2026-02-10 15:04:47] INFO: [PIPELINE] Step 2: Strategy...
[2026-02-10 15:04:59] INFO: [PIPELINE] Step 3: Finding Visuals (Free Mode)...
[2026-02-10 15:10:37] INFO: [SYSTEM] 🚀 CYCLE START: 15:10:37
[2026-02-10 15:10:37] INFO: [PIPELINE] Step 1: Hunting News...
[2026-02-10 15:10:43] INFO: [PIPELINE] Step 2: Developing Strategy...
[2026-02-10 15:10:54] INFO: [PIPELINE] Step 3: Searching Visuals (Serper)...
[2026-02-10 15:11:02] INFO: [PIPELINE] ✅ Visuals secured via Serper.
[2026-02-10 15:11:02] INFO: [PIPELINE] Step 5: Design...
[2026-02-10 15:11:03] INFO: [PIPELINE] Step 6: Captioning...
[2026-02-10 15:11:04] [CRITIC] Generating Social Caption...
[2026-02-10 15:11:10] [CRITIC] Caption Saved Successfully.
[2026-02-10 15:11:12] INFO: [PIPELINE] Step 7: Publishing...
[2026-02-10 15:11:33] INFO: [PIPELINE] Step 8: Learning...
[2026-02-10 15:11:33] INFO: [SYSTEM] ✨ CYCLE COMPLETE in 55s.
[2026-02-10 15:14:21] INFO: [SYSTEM] 🚀 CYCLE START: 15:14:21
[2026-02-10 15:14:21] INFO: [PIPELINE] Step 1: Hunting News...
[2026-02-10 15:14:26] INFO: [PIPELINE] Step 2: Developing Strategy...
[2026-02-10 15:14:37] INFO: [PIPELINE] Step 3: Searching Visuals (Serper)...
[2026-02-10 15:14:49] INFO: [PIPELINE] ✅ Visuals secured via Serper.
[2026-02-10 15:14:49] INFO: [PIPELINE] Step 5: Design...
[2026-02-10 15:14:49] INFO: [PIPELINE] Step 6: Captioning...
[2026-02-10 15:14:50] [CRITIC] Generating Social Caption...
[2026-02-10 15:14:58] [CRITIC] Caption Saved Successfully.
[2026-02-10 15:15:00] INFO: [PIPELINE] Step 7: Publishing...
[2026-02-10 15:15:21] INFO: [PIPELINE] Step 8: Learning...
[2026-02-10 15:15:21] INFO: [SYSTEM] ✨ CYCLE COMPLETE in 60s.
[2026-02-10 15:17:52] INFO: [SYSTEM] 🚀 CYCLE START: 15:17:52
[2026-02-10 15:17:52] INFO: [PIPELINE] Step 1: Hunting News...
[2026-02-10 15:20:38] INFO: [SYSTEM] 🚀 CYCLE START: 15:20:38
[2026-02-10 15:20:38] INFO: [PIPELINE] Step 1: Hunting News...
[2026-02-10 15:20:44] INFO: [PIPELINE] Step 2: Developing Strategy...
[2026-02-10 15:20:55] INFO: [PIPELINE] Step 3: Searching Visuals (Serper)...
[2026-02-10 15:21:04] INFO: [PIPELINE] ✅ Visuals secured via Serper.
[2026-02-10 15:21:04] INFO: [PIPELINE] Step 5: Design...
[2026-02-10 15:21:04] INFO: [PIPELINE] Step 6: Captioning...
[2026-02-10 15:21:05] [CRITIC] Generating Social Caption...
[2026-02-10 15:21:14] [CRITIC] Caption Saved Successfully.
[2026-02-10 15:21:16] INFO: [PIPELINE] Step 7: Publishing...
[2026-02-10 15:21:31] INFO: [PIPELINE] Step 8: Learning...
[2026-02-10 15:21:31] INFO: [SYSTEM] ✨ CYCLE COMPLETE in 53s.
[2026-02-10 23:39:01] INFO: [SYSTEM] 🚀 CYCLE START: 23:39:01
[2026-02-10 23:39:01] INFO: [PIPELINE] Step 1: Hunting News...
[2026-02-10 23:39:10] INFO: [PIPELINE] Step 2: Developing Strategy...
[2026-02-10 23:39:27] INFO: [PIPELINE] Step 3: Searching Visuals (Serper)...
[2026-02-10 23:39:37] INFO: [PIPELINE] ✅ Visuals secured via Serper.
[2026-02-10 23:39:37] INFO: [PIPELINE] Step 5: Design...
[2026-02-10 23:39:38] INFO: [PIPELINE] Step 6: Captioning...
[2026-02-10 23:39:38] [CRITIC] Generating Social Caption...
[2026-02-10 23:39:48] [CRITIC] Caption Saved Successfully.
[2026-02-10 23:39:50] INFO: [PIPELINE] Step 7: Publishing...
[2026-02-10 23:40:24] INFO: [PIPELINE] Step 8: Learning...
[2026-02-10 23:40:24] INFO: [SYSTEM] ✨ CYCLE COMPLETE in 82s.
[2026-02-11 00:39:42] INFO: [SYSTEM] 🚀 CYCLE START: 00:39:42
[2026-02-11 00:39:42] INFO: [PIPELINE] Step 1: Hunting News...
[2026-02-11 00:43:37] INFO: [SYSTEM] 🚀 CYCLE START: 00:43:37
[2026-02-11 00:43:37] INFO: [PIPELINE] Step 1: Hunting News...
[2026-02-11 00:48:14] INFO: [PIPELINE] Step 2: Developing Strategy...
[2026-02-11 00:48:20] INFO: [PIPELINE] Step 3: Searching Visuals (Serper)...
[2026-02-11 00:48:51] INFO: [PIPELINE] ✅ Visuals secured via Serper.
[2026-02-11 00:48:51] INFO: [PIPELINE] Step 5: Design...
[2026-02-11 00:48:51] INFO: [PIPELINE] Step 6: Captioning...
[2026-02-11 00:48:52] [CRITIC] Generating Social Caption...
[2026-02-11 00:49:02] [CRITIC] Caption Saved Successfully.
[2026-02-11 00:49:04] INFO: [PIPELINE] Step 7: Publishing...
[2026-02-11 00:51:25] INFO: [PIPELINE] Step 8: Learning...
[2026-02-11 00:51:25] INFO: [SYSTEM] ✨ CYCLE COMPLETE in 467s.
[2026-02-11 01:21:25] INFO: [SYSTEM] 🚀 CYCLE START: 01:21:25
[2026-02-11 01:21:25] INFO: [PIPELINE] Step 1: Hunting News...
[2026-02-11 01:23:55] INFO: [PIPELINE] Step 2: Developing Strategy...
[2026-02-11 01:24:03] INFO: [PIPELINE] Step 3: Searching Visuals (Serper)...
[2026-02-11 01:24:32] INFO: [PIPELINE] ✅ Visuals secured via Serper.
[2026-02-11 01:24:32] INFO: [PIPELINE] Step 5: Design...
[2026-02-11 01:24:32] INFO: [PIPELINE] Step 6: Captioning...
[2026-02-11 01:24:33] [CRITIC] Generating Social Caption...
[2026-02-11 01:24:44] [CRITIC] Caption Saved Successfully.
[2026-02-11 01:24:46] INFO: [PIPELINE] Step 7: Publishing...
[2026-02-11 01:35:02] INFO: [SYSTEM] 🚀 CYCLE START: 01:35:02
[2026-02-11 01:35:02] INFO: [PIPELINE] Step 1: Hunting News...
[2026-02-11 01:39:38] INFO: [PIPELINE] Step 2: Developing Strategy...
[2026-02-11 01:39:45] INFO: [PIPELINE] Step 3: Searching Visuals (Serper)...
[2026-02-11 01:39:58] INFO: [PIPELINE] ✅ Visuals secured via Serper.
[2026-02-11 01:39:58] INFO: [PIPELINE] Step 5: Design...
[2026-02-11 01:39:58] INFO: [PIPELINE] Step 6: Captioning...
[2026-02-11 01:39:59] [CRITIC] Generating Social Caption...
[2026-02-11 01:40:08] [CRITIC] Caption Saved Successfully.
[2026-02-11 01:40:11] INFO: [PIPELINE] Step 7: Publishing...
[2026-02-11 01:45:05] INFO: [SYSTEM] 🚀 CYCLE START: 01:45:05
[2026-02-11 01:45:05] INFO: [PIPELINE] Step 1: Hunting News...
[2026-02-11 01:49:40] INFO: [PIPELINE] Step 2: Developing Strategy...
[2026-02-11 01:49:46] INFO: [PIPELINE] Step 3: Searching Visuals (Serper)...
[2026-02-11 01:49:56] INFO: [PIPELINE] ✅ Visuals secured via Serper.
[2026-02-11 01:49:56] INFO: [PIPELINE] Step 5: Design...
[2026-02-11 01:49:56] INFO: [PIPELINE] Step 6: Captioning...
[2026-02-11 01:49:56] [CRITIC] Generating Social Caption...
[2026-02-11 01:50:07] [CRITIC] Caption Saved Successfully.
[2026-02-11 01:50:09] INFO: [PIPELINE] Step 7: Publishing...
[2026-02-11 01:56:23] INFO: [SYSTEM] 🚀 CYCLE START: 01:56:23
[2026-02-11 01:56:23] INFO: [PIPELINE] Step 1: Hunting News...
[2026-02-11 01:56:30] INFO: [PIPELINE] Step 2: Developing Strategy...
[2026-02-11 01:56:36] INFO: [PIPELINE] Step 3: Searching Visuals (Serper)...
[2026-02-11 01:56:46] INFO: [PIPELINE] ✅ Visuals secured via Serper.
[2026-02-11 01:56:46] INFO: [PIPELINE] Step 5: Design...
[2026-02-11 01:56:46] INFO: [PIPELINE] Step 6: Captioning...
[2026-02-11 01:56:47] [CRITIC] Generating Social Caption...
[2026-02-11 01:56:56] [CRITIC] Caption Saved Successfully.
[2026-02-11 01:56:59] INFO: [PIPELINE] Step 7: Publishing...
[2026-02-11 01:56:59] INFO: [SYSTEM] 🚀 CYCLE START: 01:56:59
[2026-02-11 01:56:59] INFO: [PIPELINE] Step 1: Hunting News...
[2026-02-11 01:57:05] INFO: [PIPELINE] Step 2: Developing Strategy...
[2026-02-11 01:57:11] INFO: [PIPELINE] Step 3: Searching Visuals (Serper)...
[2026-02-11 01:57:21] INFO: [PIPELINE] ✅ Visuals secured via Serper.
[2026-02-11 01:57:21] INFO: [PIPELINE] Step 5: Design...
[2026-02-11 01:57:21] INFO: [PIPELINE] Step 6: Captioning...
[2026-02-11 01:57:22] [CRITIC] Generating Social Caption...
[2026-02-11 01:57:31] [CRITIC] AI Generation Failed: 429 Resource exhausted. Please try again later. Please refer to https://cloud.google.com/vertex-ai/generative-ai/docs/error-code-429 for more details.
[2026-02-11 01:57:31] [CRITIC] Using Fallback Template.
[2026-02-11 01:57:31] [CRITIC] Caption Saved Successfully.
[2026-02-11 01:57:33] INFO: [PIPELINE] Step 7: Publishing...
[2026-02-11 01:57:33] INFO: [SYSTEM] 🚀 CYCLE START: 01:57:33
[2026-02-11 01:57:33] INFO: [PIPELINE] Step 1: Hunting News...
[2026-02-11 01:57:42] INFO: [PIPELINE] Step 2: Developing Strategy...
[2026-02-11 01:57:48] INFO: [PIPELINE] Step 3: Searching Visuals (Serper)...
[2026-02-11 01:57:59] INFO: [PIPELINE] ✅ Visuals secured via Serper.
[2026-02-11 01:57:59] INFO: [PIPELINE] Step 5: Design...
[2026-02-11 01:57:59] INFO: [PIPELINE] Step 6: Captioning...
[2026-02-11 01:58:00] [CRITIC] Generating Social Caption...
[2026-02-11 01:58:10] [CRITIC] Caption Saved Successfully.
[2026-02-11 01:58:12] INFO: [PIPELINE] Step 7: Publishing...
[2026-02-11 01:58:12] INFO: [SYSTEM] 🚀 CYCLE START: 01:58:12
[2026-02-11 01:58:12] INFO: [PIPELINE] Step 1: Hunting News...
[2026-02-11 01:58:20] INFO: [PIPELINE] Step 2: Developing Strategy...
[2026-02-11 01:58:27] INFO: [PIPELINE] Step 3: Searching Visuals (Serper)...
[2026-02-11 01:58:40] INFO: [PIPELINE] ✅ Visuals secured via Serper.
[2026-02-11 01:58:40] INFO: [PIPELINE] Step 5: Design...
[2026-02-11 01:58:40] INFO: [PIPELINE] Step 6: Captioning...
[2026-02-11 01:58:41] [CRITIC] Generating Social Caption...
[2026-02-11 01:58:50] [CRITIC] Caption Saved Successfully.
[2026-02-11 01:58:52] INFO: [PIPELINE] Step 7: Publishing...
[2026-02-11 01:58:52] INFO: [SYSTEM] 🚀 CYCLE START: 01:58:52
[2026-02-11 01:58:52] INFO: [PIPELINE] Step 1: Hunting News...
[2026-02-11 01:58:59] INFO: [PIPELINE] Step 2: Developing Strategy...
[2026-02-11 01:59:06] INFO: [PIPELINE] Step 3: Searching Visuals (Serper)...
[2026-02-11 01:59:18] INFO: [PIPELINE] ✅ Visuals secured via Serper.
[2026-02-11 01:59:18] INFO: [PIPELINE] Step 5: Design...
[2026-02-11 01:59:18] INFO: [PIPELINE] Step 6: Captioning...
[2026-02-11 01:59:19] [CRITIC] Generating Social Caption...
[2026-02-11 01:59:28] [CRITIC] Caption Saved Successfully.
[2026-02-11 01:59:30] INFO: [PIPELINE] Step 7: Publishing...
[2026-02-11 01:59:30] INFO: [SYSTEM] 🚀 CYCLE START: 01:59:30
[2026-02-11 01:59:30] INFO: [PIPELINE] Step 1: Hunting News...
[2026-02-11 01:59:38] INFO: [PIPELINE] Step 2: Developing Strategy...
[2026-02-11 01:59:45] INFO: [PIPELINE] Step 3: Searching Visuals (Serper)...
[2026-02-11 02:00:02] INFO: [PIPELINE] ✅ Visuals secured via Serper.
[2026-02-11 02:00:02] INFO: [PIPELINE] Step 5: Design...
[2026-02-11 02:06:06] INFO: [SYSTEM] 🚀 CYCLE START: 02:06:06
[2026-02-11 02:06:06] INFO: [PIPELINE] Step 1: Hunting News...
[2026-02-11 02:06:15] INFO: [PIPELINE] Step 2: Developing Strategy...
[2026-02-11 02:06:22] INFO: [PIPELINE] Step 3: Searching Visuals (Serper)...
[2026-02-11 02:06:31] INFO: [PIPELINE] Step 5: Design...
[2026-02-11 02:06:31] INFO: [PIPELINE] Step 6: Captioning...
[2026-02-11 02:06:31] [CRITIC] Generating Social Caption...
[2026-02-11 02:06:41] [CRITIC] Caption Saved Successfully.
[2026-02-11 02:06:43] INFO: [PIPELINE] Step 7: Publishing...
[2026-02-11 02:06:43] INFO: [SYSTEM] 🚀 CYCLE START: 02:06:43
[2026-02-11 02:06:43] INFO: [PIPELINE] Step 1: Hunting News...
[2026-02-11 02:06:51] INFO: [PIPELINE] Step 2: Developing Strategy...
[2026-02-11 02:06:57] INFO: [PIPELINE] Step 3: Searching Visuals (Serper)...
[2026-02-11 02:07:10] INFO: [PIPELINE] ✅ Visuals secured via Serper.
[2026-02-11 02:07:10] INFO: [PIPELINE] Step 5: Design...
[2026-02-11 02:07:10] INFO: [PIPELINE] Step 6: Captioning...
[2026-02-11 02:07:11] [CRITIC] Generating Social Caption...
[2026-02-11 02:07:20] [CRITIC] Caption Saved Successfully.
[2026-02-11 02:07:22] INFO: [PIPELINE] Step 7: Publishing...
[2026-02-11 02:07:22] INFO: [SYSTEM] 🚀 CYCLE START: 02:07:22
[2026-02-11 02:07:22] INFO: [PIPELINE] Step 1: Hunting News...
[2026-02-11 02:07:29] INFO: [PIPELINE] Step 2: Developing Strategy...
[2026-02-11 02:07:36] INFO: [PIPELINE] Step 3: Searching Visuals (Serper)...
[2026-02-11 02:07:51] INFO: [PIPELINE] ✅ Visuals secured via Serper.
[2026-02-11 02:07:51] INFO: [PIPELINE] Step 5: Design...
[2026-02-11 02:07:51] INFO: [PIPELINE] Step 6: Captioning...
[2026-02-11 02:07:52] [CRITIC] Generating Social Caption...
[2026-02-11 02:07:58] [CRITIC] Caption Saved Successfully.
[2026-02-11 02:08:00] INFO: [PIPELINE] Step 7: Publishing...
[2026-02-11 02:08:00] INFO: [SYSTEM] 🚀 CYCLE START: 02:08:00
[2026-02-11 02:08:00] INFO: [PIPELINE] Step 1: Hunting News...
[2026-02-11 02:08:10] INFO: [PIPELINE] Step 2: Developing Strategy...
[2026-02-11 02:08:17] INFO: [PIPELINE] Step 3: Searching Visuals (Serper)...
[2026-02-11 02:08:26] INFO: [PIPELINE] ✅ Visuals secured via Serper.
[2026-02-11 02:08:26] INFO: [PIPELINE] Step 5: Design...
[2026-02-11 02:08:27] INFO: [PIPELINE] Step 6: Captioning...
[2026-02-11 02:08:27] [CRITIC] Generating Social Caption...
[2026-02-11 02:08:37] [CRITIC] Caption Saved Successfully.
[2026-02-11 02:08:39] INFO: [PIPELINE] Step 7: Publishing...
[2026-02-11 02:08:39] INFO: [SYSTEM] 🚀 CYCLE START: 02:08:39
[2026-02-11 02:08:39] INFO: [PIPELINE] Step 1: Hunting News...
[2026-02-11 02:08:49] INFO: [PIPELINE] Step 2: Developing Strategy...
[2026-02-11 02:08:55] INFO: [PIPELINE] Step 3: Searching Visuals (Serper)...
[2026-02-11 02:09:04] INFO: [PIPELINE] ✅ Visuals secured via Serper.
[2026-02-11 02:09:04] INFO: [PIPELINE] Step 5: Design...
[2026-02-11 02:09:05] INFO: [PIPELINE] Step 6: Captioning...
[2026-02-11 02:09:05] [CRITIC] Generating Social Caption...
[2026-02-11 02:09:14] [CRITIC] Caption Saved Successfully.
[2026-02-11 02:09:16] INFO: [PIPELINE] Step 7: Publishing...
[2026-02-11 02:09:16] INFO: [SYSTEM] 🚀 CYCLE START: 02:09:16
[2026-02-11 02:09:16] INFO: [PIPELINE] Step 1: Hunting News...
[2026-02-11 02:09:27] INFO: [PIPELINE] Step 2: Developing Strategy...
[2026-02-11 02:09:32] INFO: [PIPELINE] Step 3: Searching Visuals (Serper)...
[2026-02-11 02:09:42] INFO: [PIPELINE] ✅ Visuals secured via Serper.
[2026-02-11 02:09:42] INFO: [PIPELINE] Step 5: Design...
[2026-02-11 02:09:42] INFO: [PIPELINE] Step 6: Captioning...
[2026-02-11 02:09:42] [CRITIC] Generating Social Caption...
[2026-02-11 02:09:52] [CRITIC] Caption Saved Successfully.
[2026-02-11 02:09:54] INFO: [PIPELINE] Step 7: Publishing...
[2026-02-11 02:09:54] INFO: [SYSTEM] 🚀 CYCLE START: 02:09:54
[2026-02-11 02:09:54] INFO: [PIPELINE] Step 1: Hunting News...
[2026-02-11 02:11:05] INFO: [SYSTEM] 🚀 CYCLE START: 02:11:05
[2026-02-11 02:11:05] INFO: [PIPELINE] Step 1: Hunting News...
[2026-02-11 02:11:14] INFO: [PIPELINE] Step 2: Developing Strategy...
[2026-02-11 02:11:21] INFO: [PIPELINE] Step 3: Searching Visuals (Serper)...
[2026-02-11 02:11:30] INFO: [PIPELINE] Step 5: Design...
[2026-02-11 02:11:30] INFO: [PIPELINE] Step 6: Captioning...
[2026-02-11 02:11:31] [CRITIC] Generating Social Caption...
[2026-02-11 02:15:11] INFO: [SYSTEM] 🚀 CYCLE START: 02:15:11
[2026-02-11 02:15:11] INFO: [PIPELINE] Step 1: Hunting News...
[2026-02-11 02:15:20] INFO: [PIPELINE] Step 2: Developing Strategy...
[2026-02-11 02:15:26] INFO: [PIPELINE] Step 3: Searching Visuals (Serper)...
[2026-02-11 02:15:35] INFO: [PIPELINE] Step 5: Design...
[2026-02-11 02:15:36] INFO: [PIPELINE] Step 6: Captioning...
[2026-02-11 02:15:41] INFO: [PIPELINE] Step 7: Publishing...
[2026-02-11 02:15:41] INFO: [SYSTEM] 🚀 CYCLE START: 02:15:41
[2026-02-11 02:15:41] INFO: [PIPELINE] Step 1: Hunting News...
[2026-02-11 02:15:51] INFO: [PIPELINE] Step 2: Developing Strategy...
[2026-02-11 02:15:58] INFO: [PIPELINE] Step 3: Searching Visuals (Serper)...
[2026-02-11 02:16:08] INFO: [PIPELINE] ✅ Visuals secured via Serper.
[2026-02-11 02:16:08] INFO: [PIPELINE] Step 5: Design...
[2026-02-11 02:16:09] INFO: [PIPELINE] Step 6: Captioning...
[2026-02-11 02:16:15] INFO: [PIPELINE] Step 7: Publishing...
[2026-02-11 02:16:16] INFO: [SYSTEM] 🚀 CYCLE START: 02:16:16
[2026-02-11 02:16:16] INFO: [PIPELINE] Step 1: Hunting News...
[2026-02-11 02:16:25] INFO: [PIPELINE] Step 2: Developing Strategy...
[2026-02-11 02:16:30] INFO: [PIPELINE] Step 3: Searching Visuals (Serper)...
[2026-02-11 02:16:40] INFO: [PIPELINE] ✅ Visuals secured via Serper.
[2026-02-11 02:16:40] INFO: [PIPELINE] Step 5: Design...
[2026-02-11 02:16:41] INFO: [PIPELINE] Step 6: Captioning...
[2026-02-11 02:16:47] INFO: [PIPELINE] Step 7: Publishing...
[2026-02-11 02:16:47] INFO: [SYSTEM] 🚀 CYCLE START: 02:16:47
[2026-02-11 02:16:47] INFO: [PIPELINE] Step 1: Hunting News...
[2026-02-11 02:19:53] INFO: [SYSTEM] 🚀 CYCLE START: 02:19:53
[2026-02-11 02:19:53] INFO: [PIPELINE] Step 1: Hunting News...
[2026-02-11 02:20:54] INFO: [SYSTEM] 🚀 CYCLE START: 02:20:54
[2026-02-11 02:20:54] INFO: [PIPELINE] Step 1: Hunting News...
[2026-02-11 02:24:29] INFO: [SYSTEM] 🚀 CYCLE START: 02:24:29
[2026-02-11 02:24:29] INFO: [PIPELINE] Step 1: Hunting News...
[2026-02-11 02:24:35] INFO: [PIPELINE] Step 2: Developing Strategy...
[2026-02-11 02:24:49] INFO: [PIPELINE] Step 3: Searching Visuals (Serper)...
[2026-02-11 02:24:58] INFO: [PIPELINE] Step 5: Design...
[2026-02-11 02:24:59] INFO: [PIPELINE] Step 6: Captioning...
[2026-02-11 02:25:09] INFO: [PIPELINE] Step 7: Publishing...
[2026-02-11 02:32:08] INFO: [SYSTEM] 🚀 CYCLE START: 02:32:08
[2026-02-11 02:32:08] INFO: [PIPELINE] Step 1: Hunting News...
[2026-02-11 02:32:15] INFO: [PIPELINE] Step 2: Developing Strategy...
[2026-02-11 02:32:27] INFO: [PIPELINE] Step 3: Searching Visuals (Serper)...
[2026-02-11 02:32:38] INFO: [PIPELINE] Step 5: Design...
[2026-02-11 02:32:38] INFO: [PIPELINE] Step 6: Captioning...
[2026-02-11 02:32:50] INFO: [PIPELINE] Step 7: Publishing...
[2026-02-11 02:38:33] INFO: [SYSTEM] 🚀 CYCLE START: 02:38:33
[2026-02-11 02:38:33] INFO: [PIPELINE] Step 1: Hunting News...
[2026-02-11 02:38:39] INFO: [PIPELINE] Step 2: Developing Strategy...
[2026-02-11 02:38:52] INFO: [PIPELINE] Step 3: Searching Visuals (Serper)...
[2026-02-11 02:39:02] INFO: [PIPELINE] Step 5: Design...
[2026-02-11 02:39:02] INFO: [PIPELINE] Step 6: Captioning...
[2026-02-11 02:39:13] INFO: [PIPELINE] Step 7: Publishing...
[2026-02-11 02:42:43] INFO: [SYSTEM] 🚀 CYCLE START: 02:42:43
[2026-02-11 02:42:43] INFO: [PIPELINE] Step 1: Hunting News...
[2026-02-11 02:42:52] INFO: [PIPELINE] Step 2: Developing Strategy...
[2026-02-11 02:43:03] INFO: [PIPELINE] Step 3: Searching Visuals (Serper)...
[2026-02-11 02:43:14] INFO: [PIPELINE] Step 5: Design...
[2026-02-11 02:43:15] INFO: [PIPELINE] Step 6: Captioning...
[2026-02-11 02:43:24] INFO: [PIPELINE] Step 7: Publishing...
[2026-02-11 02:43:31] INFO: [PIPELINE] Step 8: Learning...
[2026-02-11 02:43:31] INFO: [SYSTEM] ✨ CYCLE COMPLETE.
[2026-02-11 02:47:29] INFO: [SYSTEM] 🚀 CYCLE START: 02:47:29
[2026-02-11 02:47:29] INFO: [PIPELINE] Step 1: Hunting News...
[2026-02-11 02:47:36] INFO: [PIPELINE] Step 2: Developing Strategy...
[2026-02-11 02:47:49] INFO: [PIPELINE] Step 3: Searching Visuals (Serper)...
[2026-02-11 02:48:02] INFO: [PIPELINE] Step 5: Design...
[2026-02-11 02:48:03] INFO: [PIPELINE] Step 6: Captioning...
[2026-02-11 02:48:16] INFO: [PIPELINE] Step 7: Publishing...
[2026-02-11 02:48:26] INFO: [PIPELINE] Step 8: Learning...
[2026-02-11 02:48:26] INFO: [SYSTEM] ✨ CYCLE COMPLETE.
[2026-02-11 02:57:29] INFO: [SYSTEM] 🚀 CYCLE START: 02:57:29
[2026-02-11 02:57:29] INFO: [PIPELINE] Step 1: Hunting News...
[2026-02-11 02:57:36] INFO: [PIPELINE] Step 2: Developing Strategy...
[2026-02-11 02:57:48] INFO: [PIPELINE] Step 3: Searching Visuals (Serper)...
[2026-02-11 02:57:56] INFO: [PIPELINE] Step 5: Design...
[2026-02-11 02:57:57] INFO: [PIPELINE] Step 6: Captioning...
[2026-02-11 02:58:10] INFO: [PIPELINE] Step 7: Publishing...
[2026-02-11 02:58:23] INFO: [PIPELINE] Step 8: Learning...
[2026-02-11 02:58:23] INFO: [SYSTEM] ✨ CYCLE COMPLETE.
[2026-02-11 03:00:20] INFO: [SYSTEM] 🚀 CYCLE START: 03:00:20
[2026-02-11 03:00:20] INFO: [PIPELINE] Step 1: Hunting News...
[2026-02-11 03:01:15] INFO: [SYSTEM] 🚀 CYCLE START: 03:01:15
[2026-02-11 03:01:15] INFO: [PIPELINE] Step 1: Hunting News...
[2026-02-11 03:02:20] INFO: [SYSTEM] 🚀 CYCLE START: 03:02:20
[2026-02-11 03:02:20] INFO: [PIPELINE] Step 1: Hunting News...
[2026-02-11 03:02:26] INFO: [PIPELINE] Step 2: Developing Strategy...
[2026-02-11 03:02:38] INFO: [PIPELINE] Step 3: Searching Visuals (Serper)...
[2026-02-11 03:02:45] INFO: [PIPELINE] Step 5: Design...
[2026-02-11 03:02:45] INFO: [PIPELINE] Step 6: Captioning...
[2026-02-11 03:02:56] INFO: [PIPELINE] Step 7: Publishing...
[2026-02-11 03:03:10] INFO: [PIPELINE] Step 8: Learning...
[2026-02-11 03:03:10] INFO: [SYSTEM] ✨ CYCLE COMPLETE.
[2026-02-11 03:05:13] INFO: [SYSTEM] 🚀 CYCLE START: 03:05:13
[2026-02-11 03:05:13] INFO: [PIPELINE] Step 1: Hunting News...
[2026-02-11 03:05:19] INFO: [PIPELINE] Step 2: Developing Strategy...
[2026-02-11 03:05:32] INFO: [PIPELINE] Step 3: Searching Visuals (Serper)...
[2026-02-11 03:05:40] INFO: [PIPELINE] Step 5: Design...
[2026-02-11 03:05:48] INFO: [PIPELINE] Step 6: Captioning...
[2026-02-11 03:05:58] INFO: [PIPELINE] Step 7: Publishing...
[2026-02-11 03:06:11] INFO: [PIPELINE] Step 8: Learning...
[2026-02-11 03:06:11] INFO: [SYSTEM] ✨ CYCLE COMPLETE.
[2026-02-11 03:09:47] INFO: [SYSTEM] 🚀 CYCLE START: 03:09:47
[2026-02-11 03:09:47] INFO: [PIPELINE] Step 1: Hunting News...
[2026-02-11 03:09:52] INFO: [PIPELINE] Step 2: Developing Strategy...
[2026-02-11 03:10:04] INFO: [PIPELINE] Step 3: Searching Visuals (Serper)...
[2026-02-11 03:10:12] INFO: [PIPELINE] Step 5: Design...
[2026-02-11 03:10:12] INFO: [PIPELINE] Step 6: Captioning...
[2026-02-11 03:10:22] INFO: [PIPELINE] Step 7: Publishing...
[2026-02-11 03:10:31] INFO: [PIPELINE] Step 8: Learning...
[2026-02-11 03:10:31] INFO: [SYSTEM] ✨ CYCLE COMPLETE.
[2026-02-11 04:10:31] INFO: [SYSTEM] 🚀 CYCLE START: 04:10:31
[2026-02-11 04:10:31] INFO: [PIPELINE] Step 1: Hunting News...
[2026-02-11 04:10:36] INFO: [PIPELINE] Step 2: Developing Strategy...
[2026-02-11 04:10:51] INFO: [PIPELINE] Step 3: Searching Visuals (Serper)...
[2026-02-11 04:11:01] INFO: [PIPELINE] Step 5: Design...
[2026-02-11 04:11:01] INFO: [PIPELINE] Step 6: Captioning...
[2026-02-11 04:11:12] INFO: [PIPELINE] Step 7: Publishing...
[2026-02-11 04:11:25] INFO: [PIPELINE] Step 8: Learning...
[2026-02-11 04:11:25] INFO: [SYSTEM] ✨ CYCLE COMPLETE.
[2026-02-11 05:11:25] INFO: [SYSTEM] 🚀 CYCLE START: 05:11:25
[2026-02-11 05:11:25] INFO: [PIPELINE] Step 1: Hunting News...
[2026-02-11 12:13:47] INFO: [SYSTEM] 🚀 CYCLE START: 12:13:47
[2026-02-11 12:13:47] INFO: [PIPELINE] Step 1: Hunting News...
[2026-02-11 12:14:24] INFO: [SYSTEM] 🚀 CYCLE START: 12:14:24
[2026-02-11 12:14:24] INFO: [PIPELINE] Step 1: Hunting News...
[2026-02-11 12:14:30] INFO: [PIPELINE] Step 2: Developing Strategy...
[2026-02-11 12:14:45] INFO: [PIPELINE] Step 3: Searching Visuals (Serper)...
[2026-02-11 12:14:59] INFO: [PIPELINE] Step 5: Design...
[2026-02-11 12:14:59] INFO: [PIPELINE] Step 6: Captioning...
[2026-02-11 12:15:11] INFO: [PIPELINE] Step 7: Publishing...
[2026-02-11 12:16:06] INFO: [PIPELINE] Step 8: Learning...
[2026-02-11 12:16:06] INFO: [SYSTEM] ✨ CYCLE COMPLETE.
[2026-02-11 13:16:04] INFO: [SYSTEM] 🚀 CYCLE START: 13:16:04
[2026-02-11 13:16:04] INFO: [PIPELINE] Step 1: Hunting News...
[2026-02-11 13:20:39] INFO: [PIPELINE] Step 2: Developing Strategy...
[2026-02-11 13:20:51] INFO: [PIPELINE] Step 3: Searching Visuals (Serper)...
[2026-02-11 13:21:20] INFO: [PIPELINE] Step 5: Design...
[2026-02-11 13:21:20] INFO: [PIPELINE] Step 6: Captioning...
[2026-02-11 13:21:31] INFO: [PIPELINE] Step 7: Publishing...
[2026-02-11 13:38:15] INFO: [SYSTEM] 🚀 CYCLE START: 13:38:15
[2026-02-11 13:38:15] INFO: [PIPELINE] Step 1: Hunting News...
[2026-02-11 13:38:21] INFO: [PIPELINE] Step 2: Developing Strategy...
[2026-02-11 13:38:38] INFO: [PIPELINE] Step 3: Searching Visuals (Serper)...
[2026-02-11 13:38:51] INFO: [PIPELINE] Step 5: Design...
[2026-02-11 13:38:52] INFO: [PIPELINE] Step 6: Captioning...
[2026-02-11 13:39:05] INFO: [PIPELINE] Step 7: Publishing...
[2026-02-11 13:39:42] INFO: [PIPELINE] Step 8: Learning...
[2026-02-11 13:39:42] INFO: [SYSTEM] ✨ CYCLE COMPLETE.
[2026-02-11 13:55:21] INFO: [SYSTEM] 🚀 CYCLE START: 13:55:21
[2026-02-11 13:55:21] INFO: [PIPELINE] Step 1: Hunting News...
[2026-02-11 13:55:27] INFO: [PIPELINE] Step 2: Developing Strategy...
[2026-02-11 13:55:43] INFO: [PIPELINE] Step 3: Searching Visuals (Serper)...
[2026-02-11 13:55:52] INFO: [PIPELINE] Step 5: Design...
[2026-02-11 13:55:52] INFO: [PIPELINE] Step 6: Captioning...
[2026-02-11 13:56:03] INFO: [PIPELINE] Step 7: Publishing...
[2026-02-11 13:56:14] INFO: [PIPELINE] Step 8: Learning...
[2026-02-11 13:56:14] INFO: [SYSTEM] ✨ CYCLE COMPLETE.
[2026-02-11 14:09:04] INFO: [SYSTEM] 🚀 CYCLE START: 14:09:04
[2026-02-11 14:09:04] INFO: [PIPELINE] Step 1: Hunting News...
[2026-02-11 14:09:11] INFO: [PIPELINE] Step 2: Developing Strategy...
[2026-02-11 14:09:23] INFO: [PIPELINE] Step 3: Searching Visuals (Serper)...
[2026-02-11 14:09:33] INFO: [PIPELINE] Step 5: Design...
[2026-02-11 14:09:33] INFO: [PIPELINE] Step 6: Captioning...
[2026-02-11 14:09:43] INFO: [PIPELINE] Step 7: Publishing...
[2026-02-11 14:10:00] INFO: [PIPELINE] Step 8: Learning...
[2026-02-11 14:10:00] INFO: [SYSTEM] ✨ CYCLE COMPLETE.
[2026-02-11 14:52:02] INFO: [SYSTEM] 🚀 CYCLE START: 14:52:02
[2026-02-11 14:52:02] INFO: [PIPELINE] Step 1: Hunting News...
[2026-02-11 14:53:25] INFO: [PIPELINE] Step 2: Developing Strategy...
[2026-02-11 14:53:35] INFO: [PIPELINE] Step 3: Searching Visuals (Serper)...
[2026-02-11 14:53:35] INFO: [PIPELINE] ⚠️ Serper failed. Switching to Backup...
[2026-02-11 14:53:43] INFO: [PIPELINE] Step 5: Design...
[2026-02-11 14:53:43] INFO: [PIPELINE] Step 6: Captioning...
[2026-02-11 14:53:49] INFO: [PIPELINE] Step 7: Publishing...
[2026-02-11 14:54:16] INFO: [PIPELINE] Step 8: Learning...
[2026-02-11 14:54:16] INFO: [SYSTEM] ✨ CYCLE COMPLETE.
[2026-02-11 14:59:23] INFO: [SYSTEM] 🚀 CYCLE START: 14:59:23
[2026-02-11 14:59:23] INFO: [PIPELINE] Step 1: Hunting News...
[2026-02-11 14:59:29] INFO: [PIPELINE] Step 2: Developing Strategy...
[2026-02-11 14:59:46] INFO: [PIPELINE] Step 3: Searching Visuals (Serper)...
[2026-02-11 14:59:59] INFO: [PIPELINE] Step 5: Design...
[2026-02-11 14:59:59] INFO: [PIPELINE] Step 6: Captioning...
[2026-02-11 15:00:10] INFO: [PIPELINE] Step 7: Publishing...
[2026-02-11 15:00:36] INFO: [PIPELINE] Step 8: Learning...
[2026-02-11 15:00:36] INFO: [SYSTEM] ✨ CYCLE COMPLETE.
